// Jest Snapshot v1, https://goo.gl/fbAQLP

exports[`test app renders learn react link 1`] = `
<input
  placeholder="value..."
  type="text"
/>
`;
